// Jest Snapshot v1, https://goo.gl/fbAQLP

exports[`Popper component renders the expected markup 1`] = `
<InnerPopper
  eventsEnabled={true}
  placement="bottom"
  positionFixed={false}
  referenceElement={<div />}
>
  <div
    data-placement="bottom"
    style={
      Object {
        "position": "absolute",
      }
    }
  >
    <div
      style={Object {}}
    />
  </div>
</InnerPopper>
`;
