// Jest Snapshot v1, https://goo.gl/fbAQLP

exports[`Popper component renders the expected markup 1`] = `
<Component>
  <Popper
    eventsEnabled={true}
    placement="bottom"
  >
    <div
      style={
        Object {
          "opacity": 0,
          "pointerEvents": "none",
          "position": "absolute",
        }
      }
    />
  </Popper>
</Component>
`;
