// Jest Snapshot v1, https://goo.gl/fbAQLP

exports[`Arrow component renders the expected markup 1`] = `
<Reference>
  <InnerReference
    getReferenceRef={
      [MockFunction] {
        "calls": Array [
          Array [
            <div />,
          ],
        ],
        "results": Array [
          Object {
            "isThrow": false,
            "value": undefined,
          },
        ],
      }
    }
  >
    <div />
  </InnerReference>
</Reference>
`;
